<html>
<body>
<pre>
<h1>�Vision Build Log</h1>
<h2>Tool Versions:</h2>
IDE-Version: ��Vision V5.41.0.0
Copyright (C) 2024 ARM Ltd and ARM Germany GmbH. All rights reserved.
License Information: 1 695668461@qq.com, 11, LIC=UJWP0-BUWSD-EVB1R-KFCAB-QU6XJ-2Q463
 
Tool Versions:
Toolchain:       MDK-ARM Plus  Version: 5.41.0.0
Toolchain Path:  C:\Keil_v5\ARM\ARMCC\Bin
C Compiler:      Armcc.exe V5.06 update 6 (build 750)
Assembler:       Armasm.exe V5.06 update 6 (build 750)
Linker/Locator:  ArmLink.exe V5.06 update 6 (build 750)
Library Manager: ArmAr.exe V5.06 update 6 (build 750)
Hex Converter:   FromElf.exe V5.06 update 6 (build 750)
CPU DLL:         SARMCM3.DLL V5.41.0.0
Dialog DLL:      DCM.DLL V1.17.5.0
Target DLL:      CMSIS_AGDI.dll V1.33.21.0
Dialog DLL:      TCM.DLL V1.56.4.0
 
<h2>Project:</h2>
C:\Users\69566\Desktop\bootloader\bootloader_stm32f407ve\bootloader_stm32f407ve\boot\STM32F407.uvprojx
Project File Date:  03/03/2025

<h2>Output:</h2>
*** Using Compiler 'V5.06 update 6 (build 750)', folder: 'C:\Keil_v5\ARM\ARMCC\Bin'
Rebuild target 'STM32F407'
assembling startup_stm32f40xx.s...
compiling main.c...
User\main.c(44): warning:  #177-D: function "delay_ms"  was declared but never referenced
  static void delay_ms(uint32_t ms)                     // 定义一个ms延时函数，减少移植时对外部文件依�?; 本函数仅作粗略延时使用，而并非精准延�?;
User\main.c: 1 warning, 0 errors
compiling flash.c...
compiling stm32f4xx_it.c...
compiling stm32f4xx_cryp_tdes.c...
compiling stm32f4xx_crc.c...
compiling system_stm32f4xx.c...
compiling misc.c...
compiling bsp_uart.c...
compiling stm32f4xx_cryp_des.c...
compiling bsp_key.c...
compiling stm32f4xx_cec.c...
compiling stm32f4xx_cryp.c...
compiling stm32f4xx_cryp_aes.c...
compiling stm32f4xx_adc.c...
compiling stm32f4xx_can.c...
compiling stm32f4xx_dac.c...
compiling stm32f4xx_dbgmcu.c...
compiling stm32f4xx_dcmi.c...
compiling stm32f4xx_dfsdm.c...
compiling stm32f4xx_dma.c...
compiling stm32f4xx_exti.c...
compiling stm32f4xx_dsi.c...
compiling stm32f4xx_flash_ramfunc.c...
compiling stm32f4xx_hash_md5.c...
compiling stm32f4xx_fmpi2c.c...
compiling stm32f4xx_hash_sha1.c...
compiling stm32f4xx_dma2d.c...
compiling stm32f4xx_hash.c...
compiling stm32f4xx_gpio.c...
compiling stm32f4xx_i2c.c...
compiling stm32f4xx_fsmc.c...
compiling stm32f4xx_flash.c...
compiling stm32f4xx_iwdg.c...
compiling stm32f4xx_lptim.c...
compiling stm32f4xx_pwr.c...
compiling stm32f4xx_ltdc.c...
compiling stm32f4xx_qspi.c...
compiling stm32f4xx_rng.c...
compiling stm32f4xx_rcc.c...
compiling stm32f4xx_rtc.c...
compiling stm32f4xx_sai.c...
compiling stm32f4xx_spi.c...
compiling stm32f4xx_wwdg.c...
compiling stm32f4xx_spdifrx.c...
compiling stm32f4xx_syscfg.c...
compiling ymodem.c...
.\User\main.h(6): warning:  #1-D: last line of file ends without a newline
  #include "ymodem.h"
.\User\main.h(6): warning:  #1-D: last line of file ends without a newline
  #include "ymodem.h"
BOOT\ymodem.c(205): warning:  #223-D: function "memcpy" declared implicitly
                    memcpy(buf_ptr, packet_data + PACKET_HEADER, packet_length);
BOOT\ymodem.c(120): warning:  #177-D: variable "j"  was declared but never referenced
    int32_t i, j, packet_length, session_done, file_done, packets_received, errors, session_begin, size = 0;
BOOT\ymodem.c(120): warning:  #550-D: variable "session_begin"  was set but never used
    int32_t i, j, packet_length, session_done, file_done, packets_received, errors, session_begin, size = 0;
BOOT\ymodem.c: 5 warnings, 0 errors
compiling stm32f4xx_usart.c...
compiling stm32f4xx_sdio.c...
compiling common.c...
.\User\main.h(6): warning:  #1-D: last line of file ends without a newline
  #include "ymodem.h"
.\User\main.h(6): warning:  #1-D: last line of file ends without a newline
  #include "ymodem.h"
BOOT\common.c(246): warning:  #940-D: missing return statement at end of non-void function "GetKey" 
  }
BOOT\common.c(449): warning:  #177-D: variable "FLASHstatus"  was declared but never referenced
  	  FLASH_Status FLASHstatus;//定义一个flash操作状态变�?
BOOT\common.c(450): warning:  #177-D: variable "key"  was declared but never referenced
      uint8_t key = 0;
BOOT\common.c(451): warning:  #177-D: variable "uStatus"  was declared but never referenced
      static uint8_t uStatus = 0;
BOOT\common.c: 6 warnings, 0 errors
compiling stm32f4xx_tim.c...
linking...
Program Size: Code=2128 RO-data=424 RW-data=20 ZI-data=1028  
After Build - User command #1: C:\Keil_v5\\ARM\ARMCC\bin\fromelf.exe --bin --output=STM32F407.bin .\Output\STM32F407.axf
".\Output\STM32F407.axf" - 0 Error(s), 12 Warning(s).

<h2>Software Packages used:</h2>

Package Vendor: Keil
                https://www.keil.com/pack/Keil.STM32F4xx_DFP.2.17.1.pack
                Keil::STM32F4xx_DFP@2.17.1
                STMicroelectronics STM32F4 Series Device Support, Drivers and Examples

<h2>Collection of Component include folders:</h2>
  C:/Users/69566/AppData/Local/Arm/Packs/Keil/STM32F4xx_DFP/2.17.1/Drivers/CMSIS/Device/ST/STM32F4xx/Include

<h2>Collection of Component Files used:</h2>
Build Time Elapsed:  00:00:12
</pre>
</body>
</html>
